
AVRASM ver. 2.1.30  E:\Embedded\ATMega8\Project\AM2315\Debug\List\AM2315.asm Wed Feb 27 09:17:11 2019

E:\Embedded\ATMega8\Project\AM2315\Debug\List\AM2315.asm(1086): warning: Register r4 already defined by the .DEF directive
E:\Embedded\ATMega8\Project\AM2315\Debug\List\AM2315.asm(1087): warning: Register r5 already defined by the .DEF directive
E:\Embedded\ATMega8\Project\AM2315\Debug\List\AM2315.asm(1088): warning: Register r7 already defined by the .DEF directive
E:\Embedded\ATMega8\Project\AM2315\Debug\List\AM2315.asm(1089): warning: Register r6 already defined by the .DEF directive
E:\Embedded\ATMega8\Project\AM2315\Debug\List\AM2315.asm(1090): warning: Register r9 already defined by the .DEF directive
                 
                 
                 ;CodeVisionAVR C Compiler V3.12 Advanced
                 ;(C) Copyright 1998-2014 Pavel Haiduc, HP InfoTech s.r.l.
                 ;http://www.hpinfotech.com
                 
                 ;Build configuration    : Debug
                 ;Chip type              : ATmega8A
                 ;Program type           : Application
                 ;Clock frequency        : 8.000000 MHz
                 ;Memory model           : Small
                 ;Optimize for           : Size
                 ;(s)printf features     : int, width
                 ;(s)scanf features      : int, width
                 ;External RAM size      : 0
                 ;Data Stack size        : 256 byte(s)
                 ;Heap size              : 0 byte(s)
                 ;Promote 'char' to 'int': Yes
                 ;'char' is unsigned     : Yes
                 ;8 bit enums            : Yes
                 ;Global 'const' stored in FLASH: Yes
                 ;Enhanced function parameter passing: Yes
                 ;Enhanced core instructions: On
                 ;Automatic register allocation for global variables: On
                 ;Smart register allocation: On
                 
                 	#define _MODEL_SMALL_
                 
                 	#pragma AVRPART ADMIN PART_NAME ATmega8A
                 	#pragma AVRPART MEMORY PROG_FLASH 8192
                 	#pragma AVRPART MEMORY EEPROM 512
                 	#pragma AVRPART MEMORY INT_SRAM SIZE 1024
                 	#pragma AVRPART MEMORY INT_SRAM START_ADDR 0x60
                 
                 	.LISTMAC
                 	.EQU UDRE=0x5
                 	.EQU RXC=0x7
                 	.EQU USR=0xB
                 	.EQU UDR=0xC
                 	.EQU SPSR=0xE
                 	.EQU SPDR=0xF
                 	.EQU EERE=0x0
                 	.EQU EEWE=0x1
                 	.EQU EEMWE=0x2
                 	.EQU EECR=0x1C
                 	.EQU EEDR=0x1D
                 	.EQU EEARL=0x1E
                 	.EQU EEARH=0x1F
                 	.EQU WDTCR=0x21
                 	.EQU MCUCR=0x35
                 	.EQU GICR=0x3B
                 	.EQU SPL=0x3D
                 	.EQU SPH=0x3E
                 	.EQU SREG=0x3F
                 
                 	.DEF R0X0=R0
                 	.DEF R0X1=R1
                 	.DEF R0X2=R2
                 	.DEF R0X3=R3
                 	.DEF R0X4=R4
                 	.DEF R0X5=R5
                 	.DEF R0X6=R6
                 	.DEF R0X7=R7
                 	.DEF R0X8=R8
                 	.DEF R0X9=R9
                 	.DEF R0XA=R10
                 	.DEF R0XB=R11
                 	.DEF R0XC=R12
                 	.DEF R0XD=R13
                 	.DEF R0XE=R14
                 	.DEF R0XF=R15
                 	.DEF R0X10=R16
                 	.DEF R0X11=R17
                 	.DEF R0X12=R18
                 	.DEF R0X13=R19
                 	.DEF R0X14=R20
                 	.DEF R0X15=R21
                 	.DEF R0X16=R22
                 	.DEF R0X17=R23
                 	.DEF R0X18=R24
                 	.DEF R0X19=R25
                 	.DEF R0X1A=R26
                 	.DEF R0X1B=R27
                 	.DEF R0X1C=R28
                 	.DEF R0X1D=R29
                 	.DEF R0X1E=R30
                 	.DEF R0X1F=R31
                 
                 	.EQU __SRAM_START=0x0060
                 	.EQU __SRAM_END=0x045F
                 	.EQU __DSTACK_SIZE=0x0100
                 	.EQU __HEAP_SIZE=0x0000
                 	.EQU __CLEAR_SRAM_SIZE=__SRAM_END-__SRAM_START+1
                 
                 	.MACRO __CPD1N
                 	CPI  R30,LOW(@0)
                 	LDI  R26,HIGH(@0)
                 	CPC  R31,R26
                 	LDI  R26,BYTE3(@0)
                 	CPC  R22,R26
                 	LDI  R26,BYTE4(@0)
                 	CPC  R23,R26
                 	.ENDM
                 
                 	.MACRO __CPD2N
                 	CPI  R26,LOW(@0)
                 	LDI  R30,HIGH(@0)
                 	CPC  R27,R30
                 	LDI  R30,BYTE3(@0)
                 	CPC  R24,R30
                 	LDI  R30,BYTE4(@0)
                 	CPC  R25,R30
                 	.ENDM
                 
                 	.MACRO __CPWRR
                 	CP   R@0,R@2
                 	CPC  R@1,R@3
                 	.ENDM
                 
                 	.MACRO __CPWRN
                 	CPI  R@0,LOW(@2)
                 	LDI  R30,HIGH(@2)
                 	CPC  R@1,R30
                 	.ENDM
                 
                 	.MACRO __ADDB1MN
                 	SUBI R30,LOW(-@0-(@1))
                 	.ENDM
                 
                 	.MACRO __ADDB2MN
                 	SUBI R26,LOW(-@0-(@1))
                 	.ENDM
                 
                 	.MACRO __ADDW1MN
                 	SUBI R30,LOW(-@0-(@1))
                 	SBCI R31,HIGH(-@0-(@1))
                 	.ENDM
                 
                 	.MACRO __ADDW2MN
                 	SUBI R26,LOW(-@0-(@1))
                 	SBCI R27,HIGH(-@0-(@1))
                 	.ENDM
                 
                 	.MACRO __ADDW1FN
                 	SUBI R30,LOW(-2*@0-(@1))
                 	SBCI R31,HIGH(-2*@0-(@1))
                 	.ENDM
                 
                 	.MACRO __ADDD1FN
                 	SUBI R30,LOW(-2*@0-(@1))
                 	SBCI R31,HIGH(-2*@0-(@1))
                 	SBCI R22,BYTE3(-2*@0-(@1))
                 	.ENDM
                 
                 	.MACRO __ADDD1N
                 	SUBI R30,LOW(-@0)
                 	SBCI R31,HIGH(-@0)
                 	SBCI R22,BYTE3(-@0)
                 	SBCI R23,BYTE4(-@0)
                 	.ENDM
                 
                 	.MACRO __ADDD2N
                 	SUBI R26,LOW(-@0)
                 	SBCI R27,HIGH(-@0)
                 	SBCI R24,BYTE3(-@0)
                 	SBCI R25,BYTE4(-@0)
                 	.ENDM
                 
                 	.MACRO __SUBD1N
                 	SUBI R30,LOW(@0)
                 	SBCI R31,HIGH(@0)
                 	SBCI R22,BYTE3(@0)
                 	SBCI R23,BYTE4(@0)
                 	.ENDM
                 
                 	.MACRO __SUBD2N
                 	SUBI R26,LOW(@0)
                 	SBCI R27,HIGH(@0)
                 	SBCI R24,BYTE3(@0)
                 	SBCI R25,BYTE4(@0)
                 	.ENDM
                 
                 	.MACRO __ANDBMNN
                 	LDS  R30,@0+(@1)
                 	ANDI R30,LOW(@2)
                 	STS  @0+(@1),R30
                 	.ENDM
                 
                 	.MACRO __ANDWMNN
                 	LDS  R30,@0+(@1)
                 	ANDI R30,LOW(@2)
                 	STS  @0+(@1),R30
                 	LDS  R30,@0+(@1)+1
                 	ANDI R30,HIGH(@2)
                 	STS  @0+(@1)+1,R30
                 	.ENDM
                 
                 	.MACRO __ANDD1N
                 	ANDI R30,LOW(@0)
                 	ANDI R31,HIGH(@0)
                 	ANDI R22,BYTE3(@0)
                 	ANDI R23,BYTE4(@0)
                 	.ENDM
                 
                 	.MACRO __ANDD2N
                 	ANDI R26,LOW(@0)
                 	ANDI R27,HIGH(@0)
                 	ANDI R24,BYTE3(@0)
                 	ANDI R25,BYTE4(@0)
                 	.ENDM
                 
                 	.MACRO __ORBMNN
                 	LDS  R30,@0+(@1)
                 	ORI  R30,LOW(@2)
                 	STS  @0+(@1),R30
                 	.ENDM
                 
                 	.MACRO __ORWMNN
                 	LDS  R30,@0+(@1)
                 	ORI  R30,LOW(@2)
                 	STS  @0+(@1),R30
                 	LDS  R30,@0+(@1)+1
                 	ORI  R30,HIGH(@2)
                 	STS  @0+(@1)+1,R30
                 	.ENDM
                 
                 	.MACRO __ORD1N
                 	ORI  R30,LOW(@0)
                 	ORI  R31,HIGH(@0)
                 	ORI  R22,BYTE3(@0)
                 	ORI  R23,BYTE4(@0)
                 	.ENDM
                 
                 	.MACRO __ORD2N
                 	ORI  R26,LOW(@0)
                 	ORI  R27,HIGH(@0)
                 	ORI  R24,BYTE3(@0)
                 	ORI  R25,BYTE4(@0)
                 	.ENDM
                 
                 	.MACRO __DELAY_USB
                 	LDI  R24,LOW(@0)
                 __DELAY_USB_LOOP:
                 	DEC  R24
                 	BRNE __DELAY_USB_LOOP
                 	.ENDM
                 
                 	.MACRO __DELAY_USW
                 	LDI  R24,LOW(@0)
                 	LDI  R25,HIGH(@0)
                 __DELAY_USW_LOOP:
                 	SBIW R24,1
                 	BRNE __DELAY_USW_LOOP
                 	.ENDM
                 
                 	.MACRO __GETD1S
                 	LDD  R30,Y+@0
                 	LDD  R31,Y+@0+1
                 	LDD  R22,Y+@0+2
                 	LDD  R23,Y+@0+3
                 	.ENDM
                 
                 	.MACRO __GETD2S
                 	LDD  R26,Y+@0
                 	LDD  R27,Y+@0+1
                 	LDD  R24,Y+@0+2
                 	LDD  R25,Y+@0+3
                 	.ENDM
                 
                 	.MACRO __PUTD1S
                 	STD  Y+@0,R30
                 	STD  Y+@0+1,R31
                 	STD  Y+@0+2,R22
                 	STD  Y+@0+3,R23
                 	.ENDM
                 
                 	.MACRO __PUTD2S
                 	STD  Y+@0,R26
                 	STD  Y+@0+1,R27
                 	STD  Y+@0+2,R24
                 	STD  Y+@0+3,R25
                 	.ENDM
                 
                 	.MACRO __PUTDZ2
                 	STD  Z+@0,R26
                 	STD  Z+@0+1,R27
                 	STD  Z+@0+2,R24
                 	STD  Z+@0+3,R25
                 	.ENDM
                 
                 	.MACRO __CLRD1S
                 	STD  Y+@0,R30
                 	STD  Y+@0+1,R30
                 	STD  Y+@0+2,R30
                 	STD  Y+@0+3,R30
                 	.ENDM
                 
                 	.MACRO __POINTB1MN
                 	LDI  R30,LOW(@0+(@1))
                 	.ENDM
                 
                 	.MACRO __POINTW1MN
                 	LDI  R30,LOW(@0+(@1))
                 	LDI  R31,HIGH(@0+(@1))
                 	.ENDM
                 
                 	.MACRO __POINTD1M
                 	LDI  R30,LOW(@0)
                 	LDI  R31,HIGH(@0)
                 	LDI  R22,BYTE3(@0)
                 	LDI  R23,BYTE4(@0)
                 	.ENDM
                 
                 	.MACRO __POINTW1FN
                 	LDI  R30,LOW(2*@0+(@1))
                 	LDI  R31,HIGH(2*@0+(@1))
                 	.ENDM
                 
                 	.MACRO __POINTD1FN
                 	LDI  R30,LOW(2*@0+(@1))
                 	LDI  R31,HIGH(2*@0+(@1))
                 	LDI  R22,BYTE3(2*@0+(@1))
                 	LDI  R23,BYTE4(2*@0+(@1))
                 	.ENDM
                 
                 	.MACRO __POINTB2MN
                 	LDI  R26,LOW(@0+(@1))
                 	.ENDM
                 
                 	.MACRO __POINTW2MN
                 	LDI  R26,LOW(@0+(@1))
                 	LDI  R27,HIGH(@0+(@1))
                 	.ENDM
                 
                 	.MACRO __POINTW2FN
                 	LDI  R26,LOW(2*@0+(@1))
                 	LDI  R27,HIGH(2*@0+(@1))
                 	.ENDM
                 
                 	.MACRO __POINTD2FN
                 	LDI  R26,LOW(2*@0+(@1))
                 	LDI  R27,HIGH(2*@0+(@1))
                 	LDI  R24,BYTE3(2*@0+(@1))
                 	LDI  R25,BYTE4(2*@0+(@1))
                 	.ENDM
                 
                 	.MACRO __POINTBRM
                 	LDI  R@0,LOW(@1)
                 	.ENDM
                 
                 	.MACRO __POINTWRM
                 	LDI  R@0,LOW(@2)
                 	LDI  R@1,HIGH(@2)
                 	.ENDM
                 
                 	.MACRO __POINTBRMN
                 	LDI  R@0,LOW(@1+(@2))
                 	.ENDM
                 
                 	.MACRO __POINTWRMN
                 	LDI  R@0,LOW(@2+(@3))
                 	LDI  R@1,HIGH(@2+(@3))
                 	.ENDM
                 
                 	.MACRO __POINTWRFN
                 	LDI  R@0,LOW(@2*2+(@3))
                 	LDI  R@1,HIGH(@2*2+(@3))
                 	.ENDM
                 
                 	.MACRO __GETD1N
                 	LDI  R30,LOW(@0)
                 	LDI  R31,HIGH(@0)
                 	LDI  R22,BYTE3(@0)
                 	LDI  R23,BYTE4(@0)
                 	.ENDM
                 
                 	.MACRO __GETD2N
                 	LDI  R26,LOW(@0)
                 	LDI  R27,HIGH(@0)
                 	LDI  R24,BYTE3(@0)
                 	LDI  R25,BYTE4(@0)
                 	.ENDM
                 
                 	.MACRO __GETB1MN
                 	LDS  R30,@0+(@1)
                 	.ENDM
                 
                 	.MACRO __GETB1HMN
                 	LDS  R31,@0+(@1)
                 	.ENDM
                 
                 	.MACRO __GETW1MN
                 	LDS  R30,@0+(@1)
                 	LDS  R31,@0+(@1)+1
                 	.ENDM
                 
                 	.MACRO __GETD1MN
                 	LDS  R30,@0+(@1)
                 	LDS  R31,@0+(@1)+1
                 	LDS  R22,@0+(@1)+2
                 	LDS  R23,@0+(@1)+3
                 	.ENDM
                 
                 	.MACRO __GETBRMN
                 	LDS  R@0,@1+(@2)
                 	.ENDM
                 
                 	.MACRO __GETWRMN
                 	LDS  R@0,@2+(@3)
                 	LDS  R@1,@2+(@3)+1
                 	.ENDM
                 
                 	.MACRO __GETWRZ
                 	LDD  R@0,Z+@2
                 	LDD  R@1,Z+@2+1
                 	.ENDM
                 
                 	.MACRO __GETD2Z
                 	LDD  R26,Z+@0
                 	LDD  R27,Z+@0+1
                 	LDD  R24,Z+@0+2
                 	LDD  R25,Z+@0+3
                 	.ENDM
                 
                 	.MACRO __GETB2MN
                 	LDS  R26,@0+(@1)
                 	.ENDM
                 
                 	.MACRO __GETW2MN
                 	LDS  R26,@0+(@1)
                 	LDS  R27,@0+(@1)+1
                 	.ENDM
                 
                 	.MACRO __GETD2MN
                 	LDS  R26,@0+(@1)
                 	LDS  R27,@0+(@1)+1
                 	LDS  R24,@0+(@1)+2
                 	LDS  R25,@0+(@1)+3
                 	.ENDM
                 
                 	.MACRO __PUTB1MN
                 	STS  @0+(@1),R30
                 	.ENDM
                 
                 	.MACRO __PUTW1MN
                 	STS  @0+(@1),R30
                 	STS  @0+(@1)+1,R31
                 	.ENDM
                 
                 	.MACRO __PUTD1MN
                 	STS  @0+(@1),R30
                 	STS  @0+(@1)+1,R31
                 	STS  @0+(@1)+2,R22
                 	STS  @0+(@1)+3,R23
                 	.ENDM
                 
                 	.MACRO __PUTB1EN
                 	LDI  R26,LOW(@0+(@1))
                 	LDI  R27,HIGH(@0+(@1))
                 	RCALL __EEPROMWRB
                 	.ENDM
                 
                 	.MACRO __PUTW1EN
                 	LDI  R26,LOW(@0+(@1))
                 	LDI  R27,HIGH(@0+(@1))
                 	RCALL __EEPROMWRW
                 	.ENDM
                 
                 	.MACRO __PUTD1EN
                 	LDI  R26,LOW(@0+(@1))
                 	LDI  R27,HIGH(@0+(@1))
                 	RCALL __EEPROMWRD
                 	.ENDM
                 
                 	.MACRO __PUTBR0MN
                 	STS  @0+(@1),R0
                 	.ENDM
                 
                 	.MACRO __PUTBMRN
                 	STS  @0+(@1),R@2
                 	.ENDM
                 
                 	.MACRO __PUTWMRN
                 	STS  @0+(@1),R@2
                 	STS  @0+(@1)+1,R@3
                 	.ENDM
                 
                 	.MACRO __PUTBZR
                 	STD  Z+@1,R@0
                 	.ENDM
                 
                 	.MACRO __PUTWZR
                 	STD  Z+@2,R@0
                 	STD  Z+@2+1,R@1
                 	.ENDM
                 
                 	.MACRO __GETW1R
                 	MOV  R30,R@0
                 	MOV  R31,R@1
                 	.ENDM
                 
                 	.MACRO __GETW2R
                 	MOV  R26,R@0
                 	MOV  R27,R@1
                 	.ENDM
                 
                 	.MACRO __GETWRN
                 	LDI  R@0,LOW(@2)
                 	LDI  R@1,HIGH(@2)
                 	.ENDM
                 
                 	.MACRO __PUTW1R
                 	MOV  R@0,R30
                 	MOV  R@1,R31
                 	.ENDM
                 
                 	.MACRO __PUTW2R
                 	MOV  R@0,R26
                 	MOV  R@1,R27
                 	.ENDM
                 
                 	.MACRO __ADDWRN
                 	SUBI R@0,LOW(-@2)
                 	SBCI R@1,HIGH(-@2)
                 	.ENDM
                 
                 	.MACRO __ADDWRR
                 	ADD  R@0,R@2
                 	ADC  R@1,R@3
                 	.ENDM
                 
                 	.MACRO __SUBWRN
                 	SUBI R@0,LOW(@2)
                 	SBCI R@1,HIGH(@2)
                 	.ENDM
                 
                 	.MACRO __SUBWRR
                 	SUB  R@0,R@2
                 	SBC  R@1,R@3
                 	.ENDM
                 
                 	.MACRO __ANDWRN
                 	ANDI R@0,LOW(@2)
                 	ANDI R@1,HIGH(@2)
                 	.ENDM
                 
                 	.MACRO __ANDWRR
                 	AND  R@0,R@2
                 	AND  R@1,R@3
                 	.ENDM
                 
                 	.MACRO __ORWRN
                 	ORI  R@0,LOW(@2)
                 	ORI  R@1,HIGH(@2)
                 	.ENDM
                 
                 	.MACRO __ORWRR
                 	OR   R@0,R@2
                 	OR   R@1,R@3
                 	.ENDM
                 
                 	.MACRO __EORWRR
                 	EOR  R@0,R@2
                 	EOR  R@1,R@3
                 	.ENDM
                 
                 	.MACRO __GETWRS
                 	LDD  R@0,Y+@2
                 	LDD  R@1,Y+@2+1
                 	.ENDM
                 
                 	.MACRO __PUTBSR
                 	STD  Y+@1,R@0
                 	.ENDM
                 
                 	.MACRO __PUTWSR
                 	STD  Y+@2,R@0
                 	STD  Y+@2+1,R@1
                 	.ENDM
                 
                 	.MACRO __MOVEWRR
                 	MOV  R@0,R@2
                 	MOV  R@1,R@3
                 	.ENDM
                 
                 	.MACRO __INWR
                 	IN   R@0,@2
                 	IN   R@1,@2+1
                 	.ENDM
                 
                 	.MACRO __OUTWR
                 	OUT  @2+1,R@1
                 	OUT  @2,R@0
                 	.ENDM
                 
                 	.MACRO __CALL1MN
                 	LDS  R30,@0+(@1)
                 	LDS  R31,@0+(@1)+1
                 	ICALL
                 	.ENDM
                 
                 	.MACRO __CALL1FN
                 	LDI  R30,LOW(2*@0+(@1))
                 	LDI  R31,HIGH(2*@0+(@1))
                 	RCALL __GETW1PF
                 	ICALL
                 	.ENDM
                 
                 	.MACRO __CALL2EN
                 	PUSH R26
                 	PUSH R27
                 	LDI  R26,LOW(@0+(@1))
                 	LDI  R27,HIGH(@0+(@1))
                 	RCALL __EEPROMRDW
                 	POP  R27
                 	POP  R26
                 	ICALL
                 	.ENDM
                 
                 	.MACRO __CALL2EX
                 	SUBI R26,LOW(-@0)
                 	SBCI R27,HIGH(-@0)
                 	RCALL __EEPROMRDD
                 	ICALL
                 	.ENDM
                 
                 	.MACRO __GETW1STACK
                 	IN   R30,SPL
                 	IN   R31,SPH
                 	ADIW R30,@0+1
                 	LD   R0,Z+
                 	LD   R31,Z
                 	MOV  R30,R0
                 	.ENDM
                 
                 	.MACRO __GETD1STACK
                 	IN   R30,SPL
                 	IN   R31,SPH
                 	ADIW R30,@0+1
                 	LD   R0,Z+
                 	LD   R1,Z+
                 	LD   R22,Z
                 	MOVW R30,R0
                 	.ENDM
                 
                 	.MACRO __NBST
                 	BST  R@0,@1
                 	IN   R30,SREG
                 	LDI  R31,0x40
                 	EOR  R30,R31
                 	OUT  SREG,R30
                 	.ENDM
                 
                 
                 	.MACRO __PUTB1SN
                 	LDD  R26,Y+@0
                 	LDD  R27,Y+@0+1
                 	SUBI R26,LOW(-@1)
                 	SBCI R27,HIGH(-@1)
                 	ST   X,R30
                 	.ENDM
                 
                 	.MACRO __PUTW1SN
                 	LDD  R26,Y+@0
                 	LDD  R27,Y+@0+1
                 	SUBI R26,LOW(-@1)
                 	SBCI R27,HIGH(-@1)
                 	ST   X+,R30
                 	ST   X,R31
                 	.ENDM
                 
                 	.MACRO __PUTD1SN
                 	LDD  R26,Y+@0
                 	LDD  R27,Y+@0+1
                 	SUBI R26,LOW(-@1)
                 	SBCI R27,HIGH(-@1)
                 	RCALL __PUTDP1
                 	.ENDM
                 
                 	.MACRO __PUTB1SNS
                 	LDD  R26,Y+@0
                 	LDD  R27,Y+@0+1
                 	ADIW R26,@1
                 	ST   X,R30
                 	.ENDM
                 
                 	.MACRO __PUTW1SNS
                 	LDD  R26,Y+@0
                 	LDD  R27,Y+@0+1
                 	ADIW R26,@1
                 	ST   X+,R30
                 	ST   X,R31
                 	.ENDM
                 
                 	.MACRO __PUTD1SNS
                 	LDD  R26,Y+@0
                 	LDD  R27,Y+@0+1
                 	ADIW R26,@1
                 	RCALL __PUTDP1
                 	.ENDM
                 
                 	.MACRO __PUTB1PMN
                 	LDS  R26,@0
                 	LDS  R27,@0+1
                 	SUBI R26,LOW(-@1)
                 	SBCI R27,HIGH(-@1)
                 	ST   X,R30
                 	.ENDM
                 
                 	.MACRO __PUTW1PMN
                 	LDS  R26,@0
                 	LDS  R27,@0+1
                 	SUBI R26,LOW(-@1)
                 	SBCI R27,HIGH(-@1)
                 	ST   X+,R30
                 	ST   X,R31
                 	.ENDM
                 
                 	.MACRO __PUTD1PMN
                 	LDS  R26,@0
                 	LDS  R27,@0+1
                 	SUBI R26,LOW(-@1)
                 	SBCI R27,HIGH(-@1)
                 	RCALL __PUTDP1
                 	.ENDM
                 
                 	.MACRO __PUTB1PMNS
                 	LDS  R26,@0
                 	LDS  R27,@0+1
                 	ADIW R26,@1
                 	ST   X,R30
                 	.ENDM
                 
                 	.MACRO __PUTW1PMNS
                 	LDS  R26,@0
                 	LDS  R27,@0+1
                 	ADIW R26,@1
                 	ST   X+,R30
                 	ST   X,R31
                 	.ENDM
                 
                 	.MACRO __PUTD1PMNS
                 	LDS  R26,@0
                 	LDS  R27,@0+1
                 	ADIW R26,@1
                 	RCALL __PUTDP1
                 	.ENDM
                 
                 	.MACRO __PUTB1RN
                 	MOVW R26,R@0
                 	SUBI R26,LOW(-@1)
                 	SBCI R27,HIGH(-@1)
                 	ST   X,R30
                 	.ENDM
                 
                 	.MACRO __PUTW1RN
                 	MOVW R26,R@0
                 	SUBI R26,LOW(-@1)
                 	SBCI R27,HIGH(-@1)
                 	ST   X+,R30
                 	ST   X,R31
                 	.ENDM
                 
                 	.MACRO __PUTD1RN
                 	MOVW R26,R@0
                 	SUBI R26,LOW(-@1)
                 	SBCI R27,HIGH(-@1)
                 	RCALL __PUTDP1
                 	.ENDM
                 
                 	.MACRO __PUTB1RNS
                 	MOVW R26,R@0
                 	ADIW R26,@1
                 	ST   X,R30
                 	.ENDM
                 
                 	.MACRO __PUTW1RNS
                 	MOVW R26,R@0
                 	ADIW R26,@1
                 	ST   X+,R30
                 	ST   X,R31
                 	.ENDM
                 
                 	.MACRO __PUTD1RNS
                 	MOVW R26,R@0
                 	ADIW R26,@1
                 	RCALL __PUTDP1
                 	.ENDM
                 
                 	.MACRO __PUTB1RON
                 	MOV  R26,R@0
                 	MOV  R27,R@1
                 	SUBI R26,LOW(-@2)
                 	SBCI R27,HIGH(-@2)
                 	ST   X,R30
                 	.ENDM
                 
                 	.MACRO __PUTW1RON
                 	MOV  R26,R@0
                 	MOV  R27,R@1
                 	SUBI R26,LOW(-@2)
                 	SBCI R27,HIGH(-@2)
                 	ST   X+,R30
                 	ST   X,R31
                 	.ENDM
                 
                 	.MACRO __PUTD1RON
                 	MOV  R26,R@0
                 	MOV  R27,R@1
                 	SUBI R26,LOW(-@2)
                 	SBCI R27,HIGH(-@2)
                 	RCALL __PUTDP1
                 	.ENDM
                 
                 	.MACRO __PUTB1RONS
                 	MOV  R26,R@0
                 	MOV  R27,R@1
                 	ADIW R26,@2
                 	ST   X,R30
                 	.ENDM
                 
                 	.MACRO __PUTW1RONS
                 	MOV  R26,R@0
                 	MOV  R27,R@1
                 	ADIW R26,@2
                 	ST   X+,R30
                 	ST   X,R31
                 	.ENDM
                 
                 	.MACRO __PUTD1RONS
                 	MOV  R26,R@0
                 	MOV  R27,R@1
                 	ADIW R26,@2
                 	RCALL __PUTDP1
                 	.ENDM
                 
                 
                 	.MACRO __GETB1SX
                 	MOVW R30,R28
                 	SUBI R30,LOW(-@0)
                 	SBCI R31,HIGH(-@0)
                 	LD   R30,Z
                 	.ENDM
                 
                 	.MACRO __GETB1HSX
                 	MOVW R30,R28
                 	SUBI R30,LOW(-@0)
                 	SBCI R31,HIGH(-@0)
                 	LD   R31,Z
                 	.ENDM
                 
                 	.MACRO __GETW1SX
                 	MOVW R30,R28
                 	SUBI R30,LOW(-@0)
                 	SBCI R31,HIGH(-@0)
                 	LD   R0,Z+
                 	LD   R31,Z
                 	MOV  R30,R0
                 	.ENDM
                 
                 	.MACRO __GETD1SX
                 	MOVW R30,R28
                 	SUBI R30,LOW(-@0)
                 	SBCI R31,HIGH(-@0)
                 	LD   R0,Z+
                 	LD   R1,Z+
                 	LD   R22,Z+
                 	LD   R23,Z
                 	MOVW R30,R0
                 	.ENDM
                 
                 	.MACRO __GETB2SX
                 	MOVW R26,R28
                 	SUBI R26,LOW(-@0)
                 	SBCI R27,HIGH(-@0)
                 	LD   R26,X
                 	.ENDM
                 
                 	.MACRO __GETW2SX
                 	MOVW R26,R28
                 	SUBI R26,LOW(-@0)
                 	SBCI R27,HIGH(-@0)
                 	LD   R0,X+
                 	LD   R27,X
                 	MOV  R26,R0
                 	.ENDM
                 
                 	.MACRO __GETD2SX
                 	MOVW R26,R28
                 	SUBI R26,LOW(-@0)
                 	SBCI R27,HIGH(-@0)
                 	LD   R0,X+
                 	LD   R1,X+
                 	LD   R24,X+
                 	LD   R25,X
                 	MOVW R26,R0
                 	.ENDM
                 
                 	.MACRO __GETBRSX
                 	MOVW R30,R28
                 	SUBI R30,LOW(-@1)
                 	SBCI R31,HIGH(-@1)
                 	LD   R@0,Z
                 	.ENDM
                 
                 	.MACRO __GETWRSX
                 	MOVW R30,R28
                 	SUBI R30,LOW(-@2)
                 	SBCI R31,HIGH(-@2)
                 	LD   R@0,Z+
                 	LD   R@1,Z
                 	.ENDM
                 
                 	.MACRO __GETBRSX2
                 	MOVW R26,R28
                 	SUBI R26,LOW(-@1)
                 	SBCI R27,HIGH(-@1)
                 	LD   R@0,X
                 	.ENDM
                 
                 	.MACRO __GETWRSX2
                 	MOVW R26,R28
                 	SUBI R26,LOW(-@2)
                 	SBCI R27,HIGH(-@2)
                 	LD   R@0,X+
                 	LD   R@1,X
                 	.ENDM
                 
                 	.MACRO __LSLW8SX
                 	MOVW R30,R28
                 	SUBI R30,LOW(-@0)
                 	SBCI R31,HIGH(-@0)
                 	LD   R31,Z
                 	CLR  R30
                 	.ENDM
                 
                 	.MACRO __PUTB1SX
                 	MOVW R26,R28
                 	SUBI R26,LOW(-@0)
                 	SBCI R27,HIGH(-@0)
                 	ST   X,R30
                 	.ENDM
                 
                 	.MACRO __PUTW1SX
                 	MOVW R26,R28
                 	SUBI R26,LOW(-@0)
                 	SBCI R27,HIGH(-@0)
                 	ST   X+,R30
                 	ST   X,R31
                 	.ENDM
                 
                 	.MACRO __PUTD1SX
                 	MOVW R26,R28
                 	SUBI R26,LOW(-@0)
                 	SBCI R27,HIGH(-@0)
                 	ST   X+,R30
                 	ST   X+,R31
                 	ST   X+,R22
                 	ST   X,R23
                 	.ENDM
                 
                 	.MACRO __CLRW1SX
                 	MOVW R26,R28
                 	SUBI R26,LOW(-@0)
                 	SBCI R27,HIGH(-@0)
                 	ST   X+,R30
                 	ST   X,R30
                 	.ENDM
                 
                 	.MACRO __CLRD1SX
                 	MOVW R26,R28
                 	SUBI R26,LOW(-@0)
                 	SBCI R27,HIGH(-@0)
                 	ST   X+,R30
                 	ST   X+,R30
                 	ST   X+,R30
                 	ST   X,R30
                 	.ENDM
                 
                 	.MACRO __PUTB2SX
                 	MOVW R30,R28
                 	SUBI R30,LOW(-@0)
                 	SBCI R31,HIGH(-@0)
                 	ST   Z,R26
                 	.ENDM
                 
                 	.MACRO __PUTW2SX
                 	MOVW R30,R28
                 	SUBI R30,LOW(-@0)
                 	SBCI R31,HIGH(-@0)
                 	ST   Z+,R26
                 	ST   Z,R27
                 	.ENDM
                 
                 	.MACRO __PUTD2SX
                 	MOVW R30,R28
                 	SUBI R30,LOW(-@0)
                 	SBCI R31,HIGH(-@0)
                 	ST   Z+,R26
                 	ST   Z+,R27
                 	ST   Z+,R24
                 	ST   Z,R25
                 	.ENDM
                 
                 	.MACRO __PUTBSRX
                 	MOVW R30,R28
                 	SUBI R30,LOW(-@1)
                 	SBCI R31,HIGH(-@1)
                 	ST   Z,R@0
                 	.ENDM
                 
                 	.MACRO __PUTWSRX
                 	MOVW R30,R28
                 	SUBI R30,LOW(-@2)
                 	SBCI R31,HIGH(-@2)
                 	ST   Z+,R@0
                 	ST   Z,R@1
                 	.ENDM
                 
                 	.MACRO __PUTB1SNX
                 	MOVW R26,R28
                 	SUBI R26,LOW(-@0)
                 	SBCI R27,HIGH(-@0)
                 	LD   R0,X+
                 	LD   R27,X
                 	MOV  R26,R0
                 	SUBI R26,LOW(-@1)
                 	SBCI R27,HIGH(-@1)
                 	ST   X,R30
                 	.ENDM
                 
                 	.MACRO __PUTW1SNX
                 	MOVW R26,R28
                 	SUBI R26,LOW(-@0)
                 	SBCI R27,HIGH(-@0)
                 	LD   R0,X+
                 	LD   R27,X
                 	MOV  R26,R0
                 	SUBI R26,LOW(-@1)
                 	SBCI R27,HIGH(-@1)
                 	ST   X+,R30
                 	ST   X,R31
                 	.ENDM
                 
                 	.MACRO __PUTD1SNX
                 	MOVW R26,R28
                 	SUBI R26,LOW(-@0)
                 	SBCI R27,HIGH(-@0)
                 	LD   R0,X+
                 	LD   R27,X
                 	MOV  R26,R0
                 	SUBI R26,LOW(-@1)
                 	SBCI R27,HIGH(-@1)
                 	ST   X+,R30
                 	ST   X+,R31
                 	ST   X+,R22
                 	ST   X,R23
                 	.ENDM
                 
                 	.MACRO __MULBRR
                 	MULS R@0,R@1
                 	MOVW R30,R0
                 	.ENDM
                 
                 	.MACRO __MULBRRU
                 	MUL  R@0,R@1
                 	MOVW R30,R0
                 	.ENDM
                 
                 	.MACRO __MULBRR0
                 	MULS R@0,R@1
                 	.ENDM
                 
                 	.MACRO __MULBRRU0
                 	MUL  R@0,R@1
                 	.ENDM
                 
                 	.MACRO __MULBNWRU
                 	LDI  R26,@2
                 	MUL  R26,R@0
                 	MOVW R30,R0
                 	MUL  R26,R@1
                 	ADD  R31,R0
                 	.ENDM
                 
                 ;NAME DEFINITIONS FOR GLOBAL VARIABLES ALLOCATED TO REGISTERS
                 	.DEF _pointer_recv=R4
                 	.DEF _pointer_recv_msb=R5
                 	.DEF __lcd_x=R7
                 	.DEF __lcd_y=R6
                 	.DEF __lcd_maxx=R9
                 
                 	.CSEG
                 	.ORG 0x00
                 
                 ;START OF CODE MARKER
                 __START_OF_CODE:
                 
                 ;INTERRUPT VECTORS
000000 c02b      	RJMP __RESET
000001 cffe      	RJMP 0x00
000002 cffd      	RJMP 0x00
000003 cffc      	RJMP 0x00
000004 cffb      	RJMP 0x00
000005 cffa      	RJMP 0x00
000006 cff9      	RJMP 0x00
000007 cff8      	RJMP 0x00
000008 cff7      	RJMP 0x00
000009 cff6      	RJMP 0x00
00000a cff5      	RJMP 0x00
00000b cff4      	RJMP 0x00
00000c cff3      	RJMP 0x00
00000d cff2      	RJMP 0x00
00000e cff1      	RJMP 0x00
00000f cff0      	RJMP 0x00
000010 cfef      	RJMP 0x00
000011 cfee      	RJMP 0x00
000012 cfed      	RJMP 0x00
                 
                 _tbl10_G101:
000013 2710
000014 03e8
000015 0064
000016 000a      	.DB  0x10,0x27,0xE8,0x3,0x64,0x0,0xA,0x0
000017 0001      	.DB  0x1,0x0
                 _tbl16_G101:
000018 1000
000019 0100
00001a 0010
00001b 0001      	.DB  0x0,0x10,0x0,0x1,0x10,0x0,0x1,0x0
                 
                 ;GLOBAL REGISTER VARIABLES INITIALIZATION
                 __REG_VARS:
00001c 0167      	.DB  LOW(_Receive),HIGH(_Receive)
                 
                 _0x0:
00001d 4d41
00001e 3332
00001f 3531
E:\Embedded\ATMega8\Project\AM2315\Debug\List\AM2315.asm(1130): warning: .cseg .db misalignment - padding zero byte
000020 0000      	.DB  0x41,0x4D,0x32,0x33,0x31,0x35,0x0
                 _0x2000003:
000021 c080      	.DB  0x80,0xC0
                 
                 __GLOBAL_INI_TBL:
000022 0002      	.DW  0x02
000023 0004      	.DW  0x04
000024 0038      	.DW  __REG_VARS*2
                 
000025 0007      	.DW  0x07
000026 0160      	.DW  _0x6
000027 003a      	.DW  _0x0*2
                 
000028 0002      	.DW  0x02
000029 017c      	.DW  __base_y_G100
00002a 0042      	.DW  _0x2000003*2
                 
                 _0xFFFFFFFF:
00002b 0000      	.DW  0
                 
                 #define __GLOBAL_INI_TBL_PRESENT 1
                 
                 __RESET:
00002c 94f8      	CLI
00002d 27ee      	CLR  R30
00002e bbec      	OUT  EECR,R30
                 
                 ;INTERRUPT VECTORS ARE PLACED
                 ;AT THE START OF FLASH
00002f e0f1      	LDI  R31,1
000030 bffb      	OUT  GICR,R31
000031 bfeb      	OUT  GICR,R30
000032 bfe5      	OUT  MCUCR,R30
                 
                 ;CLEAR R2-R14
000033 e08d      	LDI  R24,(14-2)+1
000034 e0a2      	LDI  R26,2
000035 27bb      	CLR  R27
                 __CLEAR_REG:
000036 93ed      	ST   X+,R30
000037 958a      	DEC  R24
000038 f7e9      	BRNE __CLEAR_REG
                 
                 ;CLEAR SRAM
000039 e080      	LDI  R24,LOW(__CLEAR_SRAM_SIZE)
00003a e094      	LDI  R25,HIGH(__CLEAR_SRAM_SIZE)
00003b e6a0      	LDI  R26,__SRAM_START
                 __CLEAR_SRAM:
00003c 93ed      	ST   X+,R30
00003d 9701      	SBIW R24,1
00003e f7e9      	BRNE __CLEAR_SRAM
                 
                 ;GLOBAL VARIABLES INITIALIZATION
00003f e4e4      	LDI  R30,LOW(__GLOBAL_INI_TBL*2)
000040 e0f0      	LDI  R31,HIGH(__GLOBAL_INI_TBL*2)
                 __GLOBAL_INI_NEXT:
000041 9185      	LPM  R24,Z+
000042 9195      	LPM  R25,Z+
000043 9700      	SBIW R24,0
000044 f061      	BREQ __GLOBAL_INI_END
000045 91a5      	LPM  R26,Z+
000046 91b5      	LPM  R27,Z+
000047 9005      	LPM  R0,Z+
000048 9015      	LPM  R1,Z+
000049 01bf      	MOVW R22,R30
00004a 01f0      	MOVW R30,R0
                 __GLOBAL_INI_LOOP:
00004b 9005      	LPM  R0,Z+
00004c 920d      	ST   X+,R0
00004d 9701      	SBIW R24,1
00004e f7e1      	BRNE __GLOBAL_INI_LOOP
00004f 01fb      	MOVW R30,R22
000050 cff0      	RJMP __GLOBAL_INI_NEXT
                 __GLOBAL_INI_END:
                 
                 ;HARDWARE STACK POINTER INITIALIZATION
000051 e5ef      	LDI  R30,LOW(__SRAM_END-__HEAP_SIZE)
000052 bfed      	OUT  SPL,R30
000053 e0e4      	LDI  R30,HIGH(__SRAM_END-__HEAP_SIZE)
000054 bfee      	OUT  SPH,R30
                 
                 ;DATA STACK POINTER INITIALIZATION
000055 e6c0      	LDI  R28,LOW(__SRAM_START+__DSTACK_SIZE)
000056 e0d1      	LDI  R29,HIGH(__SRAM_START+__DSTACK_SIZE)
                 
000057 c000      	RJMP _main
                 
                 	.ESEG
                 	.ORG 0
                 
                 	.DSEG
                 	.ORG 0x160
                 
                 	.CSEG
                 ;/*******************************************************
                 ;This program was created by the
                 ;CodeWizardAVR V3.12 Advanced
                 ;Automatic Program Generator
                 ;© Copyright 1998-2014 Pavel Haiduc, HP InfoTech s.r.l.
                 ;http://www.hpinfotech.com
                 ;
                 ;Project :
                 ;Version :
                 ;Date    : 2/18/2019
                 ;Author  :
                 ;Company :
                 ;Comments:
                 ;
                 ;
                 ;Chip type               : ATmega8A
                 ;Program type            : Application
                 ;AVR Core Clock frequency: 8.000000 MHz
                 ;Memory model            : Small
                 ;External RAM size       : 0
                 ;Data Stack size         : 256
                 ;*******************************************************/
                 ;
                 ;#include <mega8.h>
                 	#ifndef __SLEEP_DEFINED__
                 	#define __SLEEP_DEFINED__
                 	.EQU __se_bit=0x80
                 	.EQU __sm_mask=0x70
                 	.EQU __sm_powerdown=0x20
                 	.EQU __sm_powersave=0x30
                 	.EQU __sm_standby=0x60
                 	.EQU __sm_ext_standby=0x70
                 	.EQU __sm_adc_noise_red=0x10
                 	.SET power_ctrl_reg=mcucr
                 	#endif
                 ;#include <i2c.h>
                 ;#include <alcd.h>           // Alphanumeric LCD functions
                 ;#include <stdio.h>
                 ;#include <delay.h>
                 ;
                 ;#define F_CPU               8000000
                 ;#define AM2315_ADDR         0x5C
                 ;unsigned char Receive[20]={0};
                 ;unsigned char *pointer_recv=&Receive[0];
                 ;/*----------------Global variable definition------------*/
                 ;//unsigned int    T_delay=0;                 //Tang 1 moi khi ngat timer0 (100us)
                 ;/*----------------Global function declaration-----------*/
                 ;void GPIO_Init();                   // GPIO initialization
                 ;//void Timer0_Init();                 // Timer0 initialization
                 ;//void Delay_100us(unsigned int Time);// Delay 100us timer0
                 ;char Convert_2Char(unsigned char numb_in);
                 ;int Read_AM2315(void);
                 ;/*-----------------------Main---------------------------*/
                 ;void main(void)
                 ; 0000 002C {
                 
                 	.CSEG
                 _main:
                 ; .FSTART _main
                 ; 0000 002D     GPIO_Init();            // GPIO initialization
000058 d012      	RCALL _GPIO_Init
                 ; 0000 002E //    Timer0_Init();          // Timer0 initialization
                 ; 0000 002F     i2c_init();
000059 d124      	RCALL _i2c_init
                 ; 0000 0030 //    twi_master_init(50);    // TWI initialization
                 ; 0000 0031     lcd_init(16);
00005a e1a0      	LDI  R26,LOW(16)
00005b d0e7      	RCALL _lcd_init
                 ; 0000 0032     PORTC|=0x01;    //Off LED
00005c 9aa8      	SBI  0x15,0
                 ; 0000 0033     #asm("sei")
00005d 9478      	sei
                 ; 0000 0034     while (1)
                 _0x3:
                 ; 0000 0035     {
                 ; 0000 0036         lcd_gotoxy(0,1);
00005e e0e0      	LDI  R30,LOW(0)
00005f 93ea      	ST   -Y,R30
000060 e0a1      	LDI  R26,LOW(1)
000061 d0a1      	RCALL _lcd_gotoxy
                 ; 0000 0037         lcd_puts("AM2315");
                +
000062 e6a0     +LDI R26 , LOW ( _0x6 + ( 0 ) )
000063 e0b1     +LDI R27 , HIGH ( _0x6 + ( 0 ) )
                 	__POINTW2MN _0x6,0
000064 d0cd      	RCALL _lcd_puts
                 ; 0000 0038 //        if(Read_AM2315()==1)
                 ; 0000 0039 //        {
                 ; 0000 003A //            PORTC&=~0x01;    ON LED
                 ; 0000 003B //            delay_ms(00);
                 ; 0000 003C //            PORTC|=0x01;    Off LED
                 ; 0000 003D //        }
                 ; 0000 003E         Read_AM2315();
000065 d01d      	RCALL _Read_AM2315
                 ; 0000 003F         delay_ms(2000);
000066 eda0      	LDI  R26,LOW(2000)
000067 e0b7      	LDI  R27,HIGH(2000)
000068 d166      	RCALL _delay_ms
                 ; 0000 0040     }
000069 cff4      	RJMP _0x3
                 ; 0000 0041 }
                 _0x7:
00006a cfff      	RJMP _0x7
                 ; .FEND
                 
                 	.DSEG
                 _0x6:
000160           	.BYTE 0x7
                 ;//
                 ;//void Timer0_Init()
                 ;//{
                 ;//// Timer/Counter 0 initialization
                 ;//// Clock source: System Clock
                 ;//// Clock value: 8000.000 kHz
                 ;//// Prescaler: 8
                 ;//    TCCR0=(0<<CS02) | (1<<CS01) | (0<<CS00);  //Prescaler - 8
                 ;//    TCNT0=0x9C;                               // 100us
                 ;//}
                 ;
                 ;//void Delay_100us(unsigned int Time)
                 ;//{
                 ;///* Create delay function with 100us corresponding to each value */
                 ;//    TCNT0=0x9D;         //Tinh toan = 0x9D, nhung bu sai so nen A0
                 ;//    TIMSK|=0x01;        //Cho phep ngat tran timer0
                 ;//    T_delay=0;          //Reset gia tri dem
                 ;//    while(T_delay<Time);//Chua du
                 ;//    TIMSK&=~0x01;       //Du thoi gian, tat ngat tran timer0
                 ;//};
                 ;
                 ;void GPIO_Init(void){
                 ; 0000 0057 void GPIO_Init(void){
                 
                 	.CSEG
                 _GPIO_Init:
                 ; .FSTART _GPIO_Init
                 ; 0000 0058 // Input/Output Ports initialization
                 ; 0000 0059 // Port B initialization
                 ; 0000 005A // Function: Bit7=In Bit6=In Bit5=In Bit4=In Bit3=In Bit2=Out Bit1=In Bit0=In
                 ; 0000 005B     DDRB=(0<<DDB7) | (0<<DDB6) | (0<<DDB5) | (0<<DDB4) | (0<<DDB3) | (1<<DDB2) | (0<<DDB1) | (0<<DDB0);
00006b e0e4      	LDI  R30,LOW(4)
00006c bbe7      	OUT  0x17,R30
                 ; 0000 005C     // State: Bit7=T Bit6=T Bit5=T Bit4=T Bit3=T Bit2=T Bit1=T Bit0=T
                 ; 0000 005D     PORTB=(0<<PORTB7) | (0<<PORTB6) | (0<<PORTB5) | (0<<PORTB4) | (0<<PORTB3) | (0<<PORTB2) | (0<<PORTB1) | (0<<PORTB0);
00006d e0e0      	LDI  R30,LOW(0)
00006e bbe8      	OUT  0x18,R30
                 ; 0000 005E 
                 ; 0000 005F     // Port C initialization
                 ; 0000 0060     // Function: Bit6=In Bit5=In Bit4=In Bit3=In Bit2=In Bit1=In Bit0=In
                 ; 0000 0061     DDRC=(0<<DDC6) | (0<<DDC5) | (0<<DDC4) | (0<<DDC3) | (0<<DDC2) | (0<<DDC1) | (1<<DDC0);
00006f e0e1      	LDI  R30,LOW(1)
000070 bbe4      	OUT  0x14,R30
                 ; 0000 0062     // State: Bit6=T Bit5=T Bit4=T Bit3=T Bit2=T Bit1=T Bit0=T
                 ; 0000 0063     PORTC=(0<<PORTC6) | (0<<PORTC5) | (0<<PORTC4) | (0<<PORTC3) | (0<<PORTC2) | (0<<PORTC1) | (0<<PORTC0);
000071 e0e0      	LDI  R30,LOW(0)
000072 bbe5      	OUT  0x15,R30
                 ; 0000 0064 
                 ; 0000 0065     // Port D initialization
                 ; 0000 0066     // Function: Bit7=In Bit6=In Bit5=In Bit4=In Bit3=In Bit2=In Bit1=In Bit0=In
                 ; 0000 0067     DDRD=(0<<DDD7) | (0<<DDD6) | (0<<DDD5) | (0<<DDD4) | (0<<DDD3) | (0<<DDD2) | (0<<DDD1) | (0<<DDD0);
000073 bbe1      	OUT  0x11,R30
                 ; 0000 0068     // State: Bit7=T Bit6=T Bit5=T Bit4=T Bit3=T Bit2=T Bit1=T Bit0=T
                 ; 0000 0069     PORTD=(0<<PORTD7) | (0<<PORTD6) | (0<<PORTD5) | (0<<PORTD4) | (0<<PORTD3) | (0<<PORTD2) | (0<<PORTD1) | (0<<PORTD0);
000074 bbe2      	OUT  0x12,R30
                 ; 0000 006A }
000075 9508      	RET
                 ; .FEND
                 ;
                 ;char Convert_2Char(unsigned char numb_in){
                 ; 0000 006C char Convert_2Char(unsigned char numb_in){
                 _Convert_2Char:
                 ; .FSTART _Convert_2Char
                 ; 0000 006D     char char_out;
                 ; 0000 006E     if(numb_in<0x0A)  char_out=numb_in+0x30; //0-9 return '0'-'9'
000076 93aa      	ST   -Y,R26
000077 931a      	ST   -Y,R17
                 ;	numb_in -> Y+1
                 ;	char_out -> R17
000078 81a9      	LDD  R26,Y+1
000079 30aa      	CPI  R26,LOW(0xA)
00007a f418      	BRSH _0x8
00007b 81e9      	LDD  R30,Y+1
00007c 5de0      	SUBI R30,-LOW(48)
00007d c002      	RJMP _0x15
                 ; 0000 006F     else              char_out=numb_in+55;   //0x0A-0x0F return 'A'-'F'
                 _0x8:
00007e 81e9      	LDD  R30,Y+1
00007f 5ce9      	SUBI R30,-LOW(55)
                 _0x15:
000080 2f1e      	MOV  R17,R30
                 ; 0000 0070     return char_out;
000081 8118      	LDD  R17,Y+0
000082 c08b      	RJMP _0x2080002
                 ; 0000 0071 }
                 ; .FEND
                 ;
                 ;int Read_AM2315(void)
                 ; 0000 0074 {
                 _Read_AM2315:
                 ; .FSTART _Read_AM2315
                 ; 0000 0075     unsigned char i=0;
                 ; 0000 0076     static unsigned char finish=0;
                 ; 0000 0077     //Wake up sensor (write value) Same
                 ; 0000 0078     i2c_start();
000083 931a      	ST   -Y,R17
                 ;	i -> R17
000084 e010      	LDI  R17,0
000085 d0fd      	RCALL _i2c_start
                 ; 0000 0079     i2c_write(0xb8);
000086 eba8      	LDI  R26,LOW(184)
000087 d12f      	RCALL _i2c_write
                 ; 0000 007A     delay_ms(2);
000088 e0a2      	LDI  R26,LOW(2)
000089 d0e2      	RCALL SUBOPT_0x0
                 ; 0000 007B     i2c_stop();
00008a d107      	RCALL _i2c_stop
                 ; 0000 007C 
                 ; 0000 007D     //Write command to read value     same
                 ; 0000 007E     i2c_start();
00008b d0f7      	RCALL _i2c_start
                 ; 0000 007F     i2c_write(0xB8);
00008c eba8      	LDI  R26,LOW(184)
00008d d129      	RCALL _i2c_write
                 ; 0000 0080     i2c_write(0x03);
00008e e0a3      	LDI  R26,LOW(3)
00008f d127      	RCALL _i2c_write
                 ; 0000 0081     i2c_write(0x00);
000090 e0a0      	LDI  R26,LOW(0)
000091 d125      	RCALL _i2c_write
                 ; 0000 0082     i2c_write(0x04);
000092 e0a4      	LDI  R26,LOW(4)
000093 d123      	RCALL _i2c_write
                 ; 0000 0083     i2c_stop();
000094 d0fd      	RCALL _i2c_stop
                 ; 0000 0084 
                 ; 0000 0085     delay_ms(10);
000095 e0aa      	LDI  R26,LOW(10)
000096 d0d5      	RCALL SUBOPT_0x0
                 ; 0000 0086 
                 ; 0000 0087     //Read value
                 ; 0000 0088     i2c_start();
000097 d0eb      	RCALL _i2c_start
                 ; 0000 0089     i2c_write(0xb9);
000098 eba9      	LDI  R26,LOW(185)
000099 d11d      	RCALL _i2c_write
                 ; 0000 008A     for(i=0;i<8;i++)
00009a e010      	LDI  R17,LOW(0)
                 _0xB:
00009b 3018      	CPI  R17,8
00009c f450      	BRSH _0xC
                 ; 0000 008B     {
                 ; 0000 008C         Receive[i]=i2c_read(1);
00009d d0d0      	RCALL SUBOPT_0x1
00009e 93ff      	PUSH R31
00009f 93ef      	PUSH R30
0000a0 e0a1      	LDI  R26,LOW(1)
0000a1 d0fa      	RCALL _i2c_read
0000a2 91af      	POP  R26
0000a3 91bf      	POP  R27
0000a4 93ec      	ST   X,R30
                 ; 0000 008D     }
0000a5 5f1f      	SUBI R17,-1
0000a6 cff4      	RJMP _0xB
                 _0xC:
                 ; 0000 008E     i2c_stop();
0000a7 d0ea      	RCALL _i2c_stop
                 ; 0000 008F     ///////////////////////////////
                 ; 0000 0090     if (Receive[0]!=3) return 0;
0000a8 91a0 0167 	LDS  R26,_Receive
0000aa 30a3      	CPI  R26,LOW(0x3)
0000ab f019      	BREQ _0xD
0000ac e0e0      	LDI  R30,LOW(0)
0000ad e0f0      	LDI  R31,HIGH(0)
0000ae c037      	RJMP _0x2080003
                 ; 0000 0091     if (Receive[1]!=4) return 0;
                 _0xD:
                +
0000af 91a0 0168+LDS R26 , _Receive + ( 1 )
                 	__GETB2MN _Receive,1
0000b1 30a4      	CPI  R26,LOW(0x4)
0000b2 f019      	BREQ _0xE
0000b3 e0e0      	LDI  R30,LOW(0)
0000b4 e0f0      	LDI  R31,HIGH(0)
0000b5 c030      	RJMP _0x2080003
                 ; 0000 0092     {
                 _0xE:
                 ; 0000 0093         for(i=0;i<8;i++)
0000b6 e010      	LDI  R17,LOW(0)
                 _0x10:
0000b7 3018      	CPI  R17,8
0000b8 f450      	BRSH _0x11
                 ; 0000 0094         {
                 ; 0000 0095             Receive[i]=Convert_2Char(Receive[i]);
0000b9 d0b4      	RCALL SUBOPT_0x1
0000ba 93ff      	PUSH R31
0000bb 93ef      	PUSH R30
0000bc 81a0      	LD   R26,Z
0000bd dfb8      	RCALL _Convert_2Char
0000be 91af      	POP  R26
0000bf 91bf      	POP  R27
0000c0 93ec      	ST   X,R30
                 ; 0000 0096         }
0000c1 5f1f      	SUBI R17,-1
0000c2 cff4      	RJMP _0x10
                 _0x11:
                 ; 0000 0097         lcd_gotoxy(0,0);
0000c3 e0e0      	LDI  R30,LOW(0)
0000c4 93ea      	ST   -Y,R30
0000c5 e0a0      	LDI  R26,LOW(0)
0000c6 d03c      	RCALL _lcd_gotoxy
                 ; 0000 0098         lcd_puts(pointer_recv);
0000c7 01d2      	MOVW R26,R4
0000c8 d069      	RCALL _lcd_puts
                 ; 0000 0099         lcd_gotoxy(15,1);
0000c9 e0ef      	LDI  R30,LOW(15)
0000ca 93ea      	ST   -Y,R30
0000cb e0a1      	LDI  R26,LOW(1)
0000cc d036      	RCALL _lcd_gotoxy
                 ; 0000 009A         lcd_putchar(finish+'0');
0000cd 91a0 017b 	LDS  R26,_finish_S0000003000
0000cf 5da0      	SUBI R26,-LOW(48)
0000d0 d04d      	RCALL _lcd_putchar
                 ; 0000 009B         finish++;
0000d1 91e0 017b 	LDS  R30,_finish_S0000003000
0000d3 5fef      	SUBI R30,-LOW(1)
0000d4 93e0 017b 	STS  _finish_S0000003000,R30
                 ; 0000 009C         if(finish>=10) PORTC&=~0x01;
0000d6 91a0 017b 	LDS  R26,_finish_S0000003000
0000d8 30aa      	CPI  R26,LOW(0xA)
0000d9 f010      	BRLO _0x12
0000da 98a8      	CBI  0x15,0
                 ; 0000 009D         else PORTC|=0x01;
0000db c001      	RJMP _0x13
                 _0x12:
0000dc 9aa8      	SBI  0x15,0
                 ; 0000 009E         if (finish>=100) finish=0;
                 _0x13:
0000dd 91a0 017b 	LDS  R26,_finish_S0000003000
0000df 36a4      	CPI  R26,LOW(0x64)
0000e0 f018      	BRLO _0x14
0000e1 e0e0      	LDI  R30,LOW(0)
0000e2 93e0 017b 	STS  _finish_S0000003000,R30
                 ; 0000 009F     }
                 _0x14:
                 ; 0000 00A0     return 1;
0000e4 e0e1      	LDI  R30,LOW(1)
0000e5 e0f0      	LDI  R31,HIGH(1)
                 _0x2080003:
0000e6 9119      	LD   R17,Y+
0000e7 9508      	RET
                 ; 0000 00A1 }
                 ; .FEND
                 ;
                 ;//interrupt [TIM0_OVF] void timer0_ovf_isr(void)
                 ;//{
                 ;//    // Reinitialize Timer 0 value
                 ;//    T_delay++;
                 ;//    TCNT0=0x9C;    //Tinh toan = 0x9C (100), nhung bu sai so nen A0
                 ;//};
                 	#ifndef __SLEEP_DEFINED__
                 	#endif
                 
                 	.DSEG
                 
                 	.CSEG
                 __lcd_write_nibble_G100:
                 ; .FSTART __lcd_write_nibble_G100
0000e8 93aa      	ST   -Y,R26
0000e9 b3e8      	IN   R30,0x18
0000ea 7fe0      	ANDI R30,LOW(0xF0)
0000eb 2fae      	MOV  R26,R30
0000ec 81e8      	LD   R30,Y
0000ed 95e2      	SWAP R30
0000ee 70ef      	ANDI R30,0xF
0000ef 2bea      	OR   R30,R26
0000f0 bbe8      	OUT  0x18,R30
0000f1 d081      	RCALL SUBOPT_0x2
0000f2 9a97      	SBI  0x12,7
0000f3 d07f      	RCALL SUBOPT_0x2
0000f4 9897      	CBI  0x12,7
0000f5 d07d      	RCALL SUBOPT_0x2
0000f6 c073      	RJMP _0x2080001
                 ; .FEND
                 __lcd_write_data:
                 ; .FSTART __lcd_write_data
0000f7 93aa      	ST   -Y,R26
0000f8 81a8      	LD   R26,Y
0000f9 dfee      	RCALL __lcd_write_nibble_G100
0000fa 81e8          ld    r30,y
0000fb 95e2          swap  r30
0000fc 83e8          st    y,r30
0000fd 81a8      	LD   R26,Y
0000fe dfe9      	RCALL __lcd_write_nibble_G100
                +
0000ff e885     +LDI R24 , LOW ( 133 )
                +__DELAY_USB_LOOP :
000100 958a     +DEC R24
000101 f7f1     +BRNE __DELAY_USB_LOOP
                 	__DELAY_USB 133
000102 c067      	RJMP _0x2080001
                 ; .FEND
                 _lcd_gotoxy:
                 ; .FSTART _lcd_gotoxy
000103 93aa      	ST   -Y,R26
000104 81e8      	LD   R30,Y
000105 e0f0      	LDI  R31,0
000106 58e4      	SUBI R30,LOW(-__base_y_G100)
000107 4ffe      	SBCI R31,HIGH(-__base_y_G100)
000108 81e0      	LD   R30,Z
000109 81a9      	LDD  R26,Y+1
00010a 0fae      	ADD  R26,R30
00010b dfeb      	RCALL __lcd_write_data
00010c 8079      	LDD  R7,Y+1
00010d 8068      	LDD  R6,Y+0
                 _0x2080002:
00010e 9622      	ADIW R28,2
00010f 9508      	RET
                 ; .FEND
                 _lcd_clear:
                 ; .FSTART _lcd_clear
000110 e0a2      	LDI  R26,LOW(2)
000111 dfe5      	RCALL __lcd_write_data
000112 e0a3      	LDI  R26,LOW(3)
000113 d058      	RCALL SUBOPT_0x0
000114 e0ac      	LDI  R26,LOW(12)
000115 dfe1      	RCALL __lcd_write_data
000116 e0a1      	LDI  R26,LOW(1)
000117 dfdf      	RCALL __lcd_write_data
000118 e0a3      	LDI  R26,LOW(3)
000119 d052      	RCALL SUBOPT_0x0
00011a e0e0      	LDI  R30,LOW(0)
00011b 2e6e      	MOV  R6,R30
00011c 2e7e      	MOV  R7,R30
00011d 9508      	RET
                 ; .FEND
                 _lcd_putchar:
                 ; .FSTART _lcd_putchar
00011e 93aa      	ST   -Y,R26
00011f 81a8      	LD   R26,Y
000120 30aa      	CPI  R26,LOW(0xA)
000121 f011      	BREQ _0x2000005
000122 1479      	CP   R7,R9
000123 f040      	BRLO _0x2000004
                 _0x2000005:
000124 e0e0      	LDI  R30,LOW(0)
000125 93ea      	ST   -Y,R30
000126 9463      	INC  R6
000127 2da6      	MOV  R26,R6
000128 dfda      	RCALL _lcd_gotoxy
000129 81a8      	LD   R26,Y
00012a 30aa      	CPI  R26,LOW(0xA)
00012b f1f1      	BREQ _0x2080001
                 _0x2000004:
00012c 9473      	INC  R7
00012d 9a95      	SBI  0x12,5
00012e 81a8      	LD   R26,Y
00012f dfc7      	RCALL __lcd_write_data
000130 9895      	CBI  0x12,5
000131 c038      	RJMP _0x2080001
                 ; .FEND
                 _lcd_puts:
                 ; .FSTART _lcd_puts
000132 93ba      	ST   -Y,R27
000133 93aa      	ST   -Y,R26
000134 931a      	ST   -Y,R17
                 _0x2000008:
000135 81a9      	LDD  R26,Y+1
000136 81ba      	LDD  R27,Y+1+1
000137 91ed      	LD   R30,X+
000138 83a9      	STD  Y+1,R26
000139 83ba      	STD  Y+1+1,R27
00013a 2f1e      	MOV  R17,R30
00013b 30e0      	CPI  R30,0
00013c f019      	BREQ _0x200000A
00013d 2fa1      	MOV  R26,R17
00013e dfdf      	RCALL _lcd_putchar
00013f cff5      	RJMP _0x2000008
                 _0x200000A:
000140 8118      	LDD  R17,Y+0
000141 9623      	ADIW R28,3
000142 9508      	RET
                 ; .FEND
                 _lcd_init:
                 ; .FSTART _lcd_init
000143 93aa      	ST   -Y,R26
000144 b3e7      	IN   R30,0x17
000145 60ef      	ORI  R30,LOW(0xF)
000146 bbe7      	OUT  0x17,R30
000147 9a8f      	SBI  0x11,7
000148 9a8d      	SBI  0x11,5
000149 9a8e      	SBI  0x11,6
00014a 9897      	CBI  0x12,7
00014b 9895      	CBI  0x12,5
00014c 9896      	CBI  0x12,6
00014d 8098      	LDD  R9,Y+0
00014e 81e8      	LD   R30,Y
00014f 58e0      	SUBI R30,-LOW(128)
                +
000150 93e0 017e+STS __base_y_G100 + ( 2 ) , R30
                 	__PUTB1MN __base_y_G100,2
000152 81e8      	LD   R30,Y
000153 54e0      	SUBI R30,-LOW(192)
                +
000154 93e0 017f+STS __base_y_G100 + ( 3 ) , R30
                 	__PUTB1MN __base_y_G100,3
000156 e1a4      	LDI  R26,LOW(20)
000157 d014      	RCALL SUBOPT_0x0
000158 d01e      	RCALL SUBOPT_0x3
000159 d01d      	RCALL SUBOPT_0x3
00015a d01c      	RCALL SUBOPT_0x3
00015b e2a0      	LDI  R26,LOW(32)
00015c df8b      	RCALL __lcd_write_nibble_G100
                +
00015d ec88     +LDI R24 , LOW ( 200 )
00015e e090     +LDI R25 , HIGH ( 200 )
                +__DELAY_USW_LOOP :
00015f 9701     +SBIW R24 , 1
000160 f7f1     +BRNE __DELAY_USW_LOOP
                 	__DELAY_USW 200
000161 e2a8      	LDI  R26,LOW(40)
000162 df94      	RCALL __lcd_write_data
000163 e0a4      	LDI  R26,LOW(4)
000164 df92      	RCALL __lcd_write_data
000165 e8a5      	LDI  R26,LOW(133)
000166 df90      	RCALL __lcd_write_data
000167 e0a6      	LDI  R26,LOW(6)
000168 df8e      	RCALL __lcd_write_data
000169 dfa6      	RCALL _lcd_clear
                 _0x2080001:
00016a 9621      	ADIW R28,1
00016b 9508      	RET
                 ; .FEND
                 	#ifndef __SLEEP_DEFINED__
                 	#endif
                 
                 	.CSEG
                 
                 	.CSEG
                 
                 	.CSEG
                 
                 	.DSEG
                 _Receive:
000167           	.BYTE 0x14
                 _finish_S0000003000:
00017b           	.BYTE 0x1
                 __base_y_G100:
00017c           	.BYTE 0x4
                 
                 	.CSEG
                 ;OPTIMIZER ADDED SUBROUTINE, CALLED 5 TIMES, CODE SIZE REDUCTION:2 WORDS
                 SUBOPT_0x0:
00016c e0b0      	LDI  R27,0
00016d c061      	RJMP _delay_ms
                 
                 ;OPTIMIZER ADDED SUBROUTINE, CALLED 2 TIMES, CODE SIZE REDUCTION:1 WORDS
                 SUBOPT_0x1:
00016e 2fe1      	MOV  R30,R17
00016f e0f0      	LDI  R31,0
000170 59e9      	SUBI R30,LOW(-_Receive)
000171 4ffe      	SBCI R31,HIGH(-_Receive)
000172 9508      	RET
                 
                 ;OPTIMIZER ADDED SUBROUTINE, CALLED 3 TIMES, CODE SIZE REDUCTION:2 WORDS
                 SUBOPT_0x2:
                +
000173 e08d     +LDI R24 , LOW ( 13 )
                +__DELAY_USB_LOOP :
000174 958a     +DEC R24
000175 f7f1     +BRNE __DELAY_USB_LOOP
                 	__DELAY_USB 13
000176 9508      	RET
                 
                 ;OPTIMIZER ADDED SUBROUTINE, CALLED 3 TIMES, CODE SIZE REDUCTION:8 WORDS
                 SUBOPT_0x3:
000177 e3a0      	LDI  R26,LOW(48)
000178 df6f      	RCALL __lcd_write_nibble_G100
                +
000179 ec88     +LDI R24 , LOW ( 200 )
00017a e090     +LDI R25 , HIGH ( 200 )
                +__DELAY_USW_LOOP :
00017b 9701     +SBIW R24 , 1
00017c f7f1     +BRNE __DELAY_USW_LOOP
                 	__DELAY_USW 200
00017d 9508      	RET
                 
                 
                 	.CSEG
                 	.equ __sda_bit=4
                 	.equ __scl_bit=5
                 	.equ __i2c_port=0x15 ;PORTC
                 	.equ __i2c_dir=__i2c_port-1
                 	.equ __i2c_pin=__i2c_port-2
                 
                 _i2c_init:
00017e 98ad      	cbi  __i2c_port,__scl_bit
00017f 98ac      	cbi  __i2c_port,__sda_bit
000180 9aa5      	sbi  __i2c_dir,__scl_bit
000181 98a4      	cbi  __i2c_dir,__sda_bit
000182 c015      	rjmp __i2c_delay2
                 _i2c_start:
000183 98a4      	cbi  __i2c_dir,__sda_bit
000184 98a5      	cbi  __i2c_dir,__scl_bit
000185 27ee      	clr  r30
000186 0000      	nop
000187 9b9c      	sbis __i2c_pin,__sda_bit
000188 9508      	ret
000189 9b9d      	sbis __i2c_pin,__scl_bit
00018a 9508      	ret
00018b d004      	rcall __i2c_delay1
00018c 9aa4      	sbi  __i2c_dir,__sda_bit
00018d d002      	rcall __i2c_delay1
00018e 9aa5      	sbi  __i2c_dir,__scl_bit
00018f e0e1      	ldi  r30,1
                 __i2c_delay1:
000190 e16b      	ldi  r22,27
000191 c007      	rjmp __i2c_delay2l
                 _i2c_stop:
000192 9aa4      	sbi  __i2c_dir,__sda_bit
000193 9aa5      	sbi  __i2c_dir,__scl_bit
000194 d003      	rcall __i2c_delay2
000195 98a5      	cbi  __i2c_dir,__scl_bit
000196 dff9      	rcall __i2c_delay1
000197 98a4      	cbi  __i2c_dir,__sda_bit
                 __i2c_delay2:
000198 e365      	ldi  r22,53
                 __i2c_delay2l:
000199 956a      	dec  r22
00019a f7f1      	brne __i2c_delay2l
00019b 9508      	ret
                 _i2c_read:
00019c e078      	ldi  r23,8
                 __i2c_read0:
00019d 98a5      	cbi  __i2c_dir,__scl_bit
00019e dff1      	rcall __i2c_delay1
                 __i2c_read3:
00019f 9b9d      	sbis __i2c_pin,__scl_bit
0001a0 cffe      	rjmp __i2c_read3
0001a1 dfee      	rcall __i2c_delay1
0001a2 9488      	clc
0001a3 999c      	sbic __i2c_pin,__sda_bit
0001a4 9408      	sec
0001a5 9aa5      	sbi  __i2c_dir,__scl_bit
0001a6 dff1      	rcall __i2c_delay2
0001a7 1fee      	rol  r30
0001a8 957a      	dec  r23
0001a9 f799      	brne __i2c_read0
0001aa 2f7a      	mov  r23,r26
0001ab 2377      	tst  r23
0001ac f411      	brne __i2c_read1
0001ad 98a4      	cbi  __i2c_dir,__sda_bit
0001ae c001      	rjmp __i2c_read2
                 __i2c_read1:
0001af 9aa4      	sbi  __i2c_dir,__sda_bit
                 __i2c_read2:
0001b0 dfdf      	rcall __i2c_delay1
0001b1 98a5      	cbi  __i2c_dir,__scl_bit
0001b2 dfe5      	rcall __i2c_delay2
0001b3 9aa5      	sbi  __i2c_dir,__scl_bit
0001b4 dfdb      	rcall __i2c_delay1
0001b5 98a4      	cbi  __i2c_dir,__sda_bit
0001b6 cfd9      	rjmp __i2c_delay1
                 
                 _i2c_write:
0001b7 e078      	ldi  r23,8
                 __i2c_write0:
0001b8 0faa      	lsl  r26
0001b9 f410      	brcc __i2c_write1
0001ba 98a4      	cbi  __i2c_dir,__sda_bit
0001bb c001      	rjmp __i2c_write2
                 __i2c_write1:
0001bc 9aa4      	sbi  __i2c_dir,__sda_bit
                 __i2c_write2:
0001bd dfda      	rcall __i2c_delay2
0001be 98a5      	cbi  __i2c_dir,__scl_bit
0001bf dfd0      	rcall __i2c_delay1
                 __i2c_write3:
0001c0 9b9d      	sbis __i2c_pin,__scl_bit
0001c1 cffe      	rjmp __i2c_write3
0001c2 dfcd      	rcall __i2c_delay1
0001c3 9aa5      	sbi  __i2c_dir,__scl_bit
0001c4 957a      	dec  r23
0001c5 f791      	brne __i2c_write0
0001c6 98a4      	cbi  __i2c_dir,__sda_bit
0001c7 dfc8      	rcall __i2c_delay1
0001c8 98a5      	cbi  __i2c_dir,__scl_bit
0001c9 dfce      	rcall __i2c_delay2
0001ca e0e1      	ldi  r30,1
0001cb 999c      	sbic __i2c_pin,__sda_bit
0001cc 27ee      	clr  r30
0001cd 9aa5      	sbi  __i2c_dir,__scl_bit
0001ce cfc1      	rjmp __i2c_delay1
                 
                 _delay_ms:
0001cf 9610      	adiw r26,0
0001d0 f039      	breq __delay_ms1
                 __delay_ms0:
                +
0001d1 ed80     +LDI R24 , LOW ( 0x7D0 )
0001d2 e097     +LDI R25 , HIGH ( 0x7D0 )
                +__DELAY_USW_LOOP :
0001d3 9701     +SBIW R24 , 1
0001d4 f7f1     +BRNE __DELAY_USW_LOOP
                 	__DELAY_USW 0x7D0
0001d5 95a8      	wdr
0001d6 9711      	sbiw r26,1
0001d7 f7c9      	brne __delay_ms0
                 __delay_ms1:
0001d8 9508      	ret
                 
                 ;END OF CODE MARKER
                 __END_OF_CODE:


RESOURCE USE INFORMATION
------------------------

Notice:
The register and instruction counts are symbol table hit counts,
and hence implicitly used resources are not counted, eg, the
'lpm' instruction without operands implicitly uses r0 and z,
none of which are counted.

x,y,z are separate entities in the symbol table and are
counted separately from r26..r31 here.

.dseg memory usage only counts static data declared with .byte

ATmega8A register use summary:
r0 :   4 r1 :   1 r2 :   0 r3 :   0 r4 :   1 r5 :   0 r6 :   4 r7 :   4 
r8 :   0 r9 :   2 r10:   0 r11:   0 r12:   0 r13:   0 r14:   0 r15:   0 
r16:   0 r17:  17 r18:   0 r19:   0 r20:   0 r21:   0 r22:   5 r23:   6 
r24:  17 r25:   5 r26:  72 r27:  10 r28:   4 r29:   1 r30:  86 r31:  12 
x  :   6 y  :  40 z  :   9 
Registers used: 20 out of 35 (57.1%)

ATmega8A instruction use summary:
.lds  :   0 .lds.l:   0 .sts  :   0 .sts.l:   0 adc   :   0 add   :   1 
adiw  :   4 and   :   0 andi  :   2 asr   :   0 bclr  :   0 bld   :   0 
brbc  :   0 brbs  :   0 brcc  :   1 brcs  :   0 break :   0 breq  :   7 
brge  :   0 brhc  :   0 brhs  :   0 brid  :   0 brie  :   0 brlo  :   3 
brlt  :   0 brmi  :   0 brne  :  13 brpl  :   0 brsh  :   3 brtc  :   0 
brts  :   0 brvc  :   0 brvs  :   0 bset  :   0 bst   :   0 cbi   :  21 
cbr   :   0 clc   :   1 clh   :   0 cli   :   1 cln   :   0 clr   :   4 
cls   :   0 clt   :   0 clv   :   0 clz   :   0 com   :   0 cp    :   1 
cpc   :   0 cpi   :  10 cpse  :   0 dec   :   6 des   :   0 eor   :   0 
fmul  :   0 fmuls :   0 fmulsu:   0 icall :   0 ijmp  :   0 in    :   2 
inc   :   2 ld    :  14 ldd   :  11 ldi   :  77 lds   :   6 lpm   :   7 
lsl   :   1 lsr   :   0 mov   :   9 movw  :   4 mul   :   0 muls  :   0 
mulsu :   0 neg   :   0 nop   :   1 or    :   1 ori   :   1 out   :  14 
pop   :   4 push  :   4 rcall :  69 ret   :  13 reti  :   0 rjmp  :  43 
rol   :   1 ror   :   0 sbc   :   0 sbci  :   2 sbi   :  18 sbic  :   2 
sbis  :   4 sbiw  :   7 sbr   :   0 sbrc  :   0 sbrs  :   0 sec   :   1 
seh   :   0 sei   :   1 sen   :   0 ser   :   0 ses   :   0 set   :   0 
sev   :   0 sez   :   0 sleep :   0 spm   :   0 st    :  21 std   :   2 
sts   :   4 sub   :   0 subi  :  10 swap  :   2 tst   :   1 wdr   :   1 

Instructions used: 49 out of 114 (43.0%)

ATmega8A memory use summary [bytes]:
Segment   Begin    End      Code   Data   Used    Size   Use%
---------------------------------------------------------------
[.cseg] 0x000000 0x0003b2    896     50    946    8192  11.5%
[.dseg] 0x000060 0x000180      0     32     32    1024   3.1%
[.eseg] 0x000000 0x000000      0      0      0     512   0.0%

Assembly complete, 0 errors, 6 warnings
